// Jest Snapshot v1, https://goo.gl/fbAQLP

exports[`TodoInput should match snapshot 1`] = `
<div>
  <div
    class="StyledGrommet-sc-19lkkz7-0 lioFhE"
  >
    <form
      class="StyledBox-sc-13pk1d4-0 eqbLyG"
      data-testid="todo-form"
    >
      <div
        class="StyledTextInput__StyledTextInputContainer-sc-1x30a0s-1 gcUiwQ"
      >
        <input
          autocomplete="off"
          class="StyledTextInput-sc-1x30a0s-0 eHTvhq"
          color="text"
          data-testid="todo-input"
          placeholder="What needs to be done?"
          value=""
        />
      </div>
      <div
        class="StyledBox__StyledBoxGap-sc-13pk1d4-1 hDDuS"
      />
      <button
        class="StyledButton-sc-323bzc-0 ceKFSL"
        data-testid="todo-submit"
        disabled=""
        type="submit"
      >
        <svg
          aria-label="Add"
          class="StyledIcon-sc-ofa7kd-0 eyecLz"
          viewBox="0 0 24 24"
        >
          <path
            d="M12 22V2M2 12h20"
            fill="none"
            stroke="#000"
            stroke-width="2"
          />
        </svg>
      </button>
    </form>
  </div>
</div>
`;
